---
source: tests/smoke_test.rs
expression: "test_policy(\"test-urlquery\", None).await.expect(\"error in test suite\")"
---
- result:
    decode: "?foo=1&bar=test"
    decode_object:
      arr:
        - foo
        - bar
      bar:
        - test
      foo:
        - "1"
      obj:
        - obj1
        - obj2
    encode: "%3Ffoo%3D1%26bar%3Dtest"
    encode_object: arr=bar&arr=foo&bar=test&foo=1&obj=obj1&obj=obj2

